ASxxxx Linker V03.00 + NoICE + sdld,  page 1.
Hexadecimal  [32-Bits]

Area                                    Addr        Size        Decimal Bytes (Attributes)
--------------------------------        ----        ----        ------- ----- ------------
CABS                                00000000    00000000 =           0. bytes (ABS,CON,CODE)

      Value  Global                              Global Defined In Module
      -----  --------------------------------   ------------------------
C:   00000000  _adc_configure                  
C:   00000000  _delay_ms                       
C:   00000000  _delay_us                       
C:   00000000  _gpio_pin_configure             
C:   00000000  _gpio_pin_configure_PARM_2      
C:   00000000  _gpio_pin_val_read              
C:   00000000  _pwm_configure                  
C:   00000000  _rf_power_up                    
C:   00000000  _rf_read_register               
C:   00000000  _rf_read_register_1_byte        
C:   00000000  _rf_read_register_PARM_2        
C:   00000000  _rf_read_register_PARM_3        
C:   00000000  _rf_read_rx_payload             
C:   00000000  _rf_read_rx_payload_PARM_2      
C:   00000000  _rf_spi_configure_enable        
C:   00000000  _rf_spi_execute_command         
C:   00000000  _rf_spi_execute_command_PARM_2  
C:   00000000  _rf_spi_execute_command_PARM_3  
C:   00000000  _rf_spi_execute_command_PARM_4  
C:   00000000  _rf_write_register              
C:   00000000  _rf_write_register_PARM_2       
C:   00000000  _rf_write_register_PARM_3       
C:   00000000  _rf_write_tx_payload            
C:   00000000  _rf_write_tx_payload_PARM_2     
C:   00000000  _rf_write_tx_payload_PARM_3     
C:   00000000  _rf_write_tx_payload_noack      
C:   00000000  _rf_write_tx_payload_noack_PARM_
C:   00000000  _rf_write_tx_payload_noack_PARM_
C:   00000000  _timer0_configure               
C:   00000000  _timer0_configure_PARM_2        
C:   00000000  _uart_configure_manual_baud_calc
C:   00000000  _uart_configure_manual_baud_calc
C:   00000000  _uart_send_wait_for_complete    
C:   00000000  _uart_wait_for_rx_and_get       
C:   00000000  _w2_configure                   
C:   00000000  _w2_configure_PARM_2            
C:   00000000  _w2_master_random_address_read  
C:   00000000  _w2_master_random_address_read_P
C:   00000000  _w2_master_random_address_read_P
C:   00000000  _w2_master_random_address_read_P
C:   00000000  _w2_master_random_address_read_P
C:   00000000  _w2_master_write_to             
C:   00000000  _w2_master_write_to_PARM_2      
C:   00000000  _w2_master_write_to_PARM_3      
C:   00000000  _w2_master_write_to_PARM_4      
C:   00000000  _w2_master_write_to_PARM_5      
C:   00000000  _watchdog_start_and_set_timeout_
C:   00000000  l_BIT_BANK                      
C:   00000000  l_BSEG                          
C:   00000000  l_BSEG_BYTES                    
ASxxxx Linker V03.00 + NoICE + sdld,  page 2.
Hexadecimal  [32-Bits]

Area                                    Addr        Size        Decimal Bytes (Attributes)
--------------------------------        ----        ----        ------- ----- ------------
CABS                                00000000    00000000 =           0. bytes (ABS,CON,CODE)

      Value  Global                              Global Defined In Module
      -----  --------------------------------   ------------------------
C:   00000000  l_CABS                          
C:   00000000  l_GSINIT                        
C:   00000000  l_GSINIT1                       
C:   00000000  l_GSINIT5                       
C:   00000000  l_IABS                          
C:   00000000  l_ISEG                          
C:   00000000  l_PSEG                          
C:   00000000  l_REG_BANK_1                    
C:   00000000  l_REG_BANK_2                    
C:   00000000  l_REG_BANK_3                    
C:   00000000  l_RSEG                          
C:   00000000  l_RSEG0                         
C:   00000000  l_RSEG1                         
C:   00000000  l_XABS                          
C:   00000000  l__CODE                         
C:   00000000  s_BSEG                          
C:   00000000  s_CABS                          
C:   00000000  s_DSEG                          
C:   00000000  s_HOME                          
C:   00000000  s_IABS                          
C:   00000000  s_ISEG                          
C:   00000000  s_PSEG                          
C:   00000000  s_REG_BANK_0                    
C:   00000000  s_RSEG                          
C:   00000000  s_RSEG0                         
C:   00000000  s_RSEG1                         
C:   00000000  s_XABS                          
C:   00000000  s_XSEG                          
C:   00000003  l_GSFINAL                       
C:   00000003  l_GSINIT0                       
C:   00000006  l_OSEG                          
C:   00000008  l_REG_BANK_0                    
C:   00000008  s_REG_BANK_1                    
C:   0000000A  l_GSINIT2                       
C:   0000000A  s_OSEG                          
C:   00000010  s_REG_BANK_2                    
C:   00000010  s_SSEG                          
C:   00000011  l_HOME                          
C:   00000011  s_GSINIT0                       
C:   00000014  s_GSINIT1                       
C:   00000014  s_GSINIT2                       
C:   00000018  s_BIT_BANK                      
C:   00000018  s_REG_BANK_3                    
C:   00000019  l_XINIT                         
C:   00000019  l_XISEG                         
C:   0000001E  s_GSINIT3                       
C:   00000020  s_BSEG_BYTES                    
C:   00000020  s__CODE                         
C:   00000022  l_GSINIT3                       
C:   0000002A  l_GSINIT4                       
C:   00000033  l_CONST                         
ASxxxx Linker V03.00 + NoICE + sdld,  page 3.
Hexadecimal  [32-Bits]

Area                                    Addr        Size        Decimal Bytes (Attributes)
--------------------------------        ----        ----        ------- ----- ------------
CABS                                00000000    00000000 =           0. bytes (ABS,CON,CODE)

      Value  Global                              Global Defined In Module
      -----  --------------------------------   ------------------------
C:   00000040  s_GSINIT4                       
C:   0000006A  s_GSFINAL                       
C:   0000006A  s_GSINIT                        
C:   0000006A  s_GSINIT5                       
C:   0000006D  s_CSEG                          
C:   00000080  l_DSEG                          
C:   000000BE  l_XSEG                          
C:   000000BE  s_XISEG                         
C:   000000F0  l_SSEG                          
C:   00000100  l_IRAM                          
C:   00001641  l_CSEG                          
C:   000016AE  s_CONST                         
C:   000016E1  s_XINIT                         
ASxxxx Linker V03.00 + NoICE + sdld,  page 4.
Hexadecimal  [32-Bits]

Area                                    Addr        Size        Decimal Bytes (Attributes)
--------------------------------        ----        ----        ------- ----- ------------
.  .ABS.                            00000000    00000000 =           0. bytes (ABS,CON)

      Value  Global                              Global Defined In Module
      -----  --------------------------------   ------------------------
     00000000  .__.ABS.                           _startup
     00000080  _P0                                dht
     00000080  _P0_SB_D0                          dht
     00000081  _P0_SB_D1                          dht
     00000081  _SP                                dht
     00000082  _DPL                               dht
     00000082  _P0_SB_D2                          dht
     00000083  _DPH                               dht
     00000083  _P0_SB_D3                          dht
     00000084  _DPL1                              dht
     00000084  _P0_SB_D4                          dht
     00000085  _DPH1                              dht
     00000085  _P0_SB_D5                          dht
     00000086  _P0_SB_D6                          dht
     00000087  _P0_SB_D7                          dht
     00000087  _PCON                              dht
     00000088  _TCON                              dht
     00000088  _TCON_SB_IT0                       dht
     00000089  _TCON_SB_IE0                       dht
     00000089  _TMOD                              dht
     0000008A  _TCON_SB_IT1                       dht
     0000008A  _TL0                               dht
     0000008B  _TCON_SB_IE1                       dht
     0000008B  _TL1                               dht
     0000008C  _TCON_SB_TR0                       dht
     0000008C  _TH0                               dht
     0000008D  _TCON_SB_TF0                       dht
     0000008D  _TH1                               dht
     0000008E  _TCON_SB_TR1                       dht
     0000008F  _P3CON                             dht
     0000008F  _TCON_SB_TF1                       dht
     00000090  _P1                                dht
     00000090  _P1_SB_D0                          dht
     00000091  _P1_SB_D1                          dht
     00000092  _DPS                               dht
     00000092  _P1_SB_D2                          dht
     00000093  _P0DIR                             dht
     00000093  _P1_SB_D3                          dht
     00000094  _P1DIR                             dht
     00000094  _P1_SB_D4                          dht
     00000095  _P1_SB_D5                          dht
     00000095  _P2DIR                             dht
     00000096  _P1_SB_D6                          dht
     00000096  _P3DIR                             dht
     00000097  _P1_SB_D7                          dht
     00000097  _P2CON                             dht
     00000098  _S0CON                             dht
     00000098  _S0CON_SB_RI0                      dht
     00000099  _S0BUF                             dht
     00000099  _S0CON_SB_TI0                      dht
ASxxxx Linker V03.00 + NoICE + sdld,  page 5.
Hexadecimal  [32-Bits]

Area                                    Addr        Size        Decimal Bytes (Attributes)
--------------------------------        ----        ----        ------- ----- ------------
.  .ABS.                            00000000    00000000 =           0. bytes (ABS,CON)

      Value  Global                              Global Defined In Module
      -----  --------------------------------   ------------------------
     0000009A  _S0CON_SB_RB80                     dht
     0000009B  _S0CON_SB_TB80                     dht
     0000009C  _S0CON_SB_REN0                     dht
     0000009D  _S0CON_SB_SM20                     dht
     0000009E  _P0CON                             dht
     0000009E  _S0CON_SB_SM1                      dht
     0000009F  _P1CON                             dht
     0000009F  _S0CON_SB_SM0                      dht
     000000A0  _P2                                dht
     000000A0  _P2_SB_D0                          dht
     000000A1  _P2_SB_D1                          dht
     000000A1  _PWMDC0                            dht
     000000A2  _P2_SB_D2                          dht
     000000A2  _PWMDC1                            dht
     000000A3  _CLKCTRL                           dht
     000000A3  _P2_SB_D3                          dht
     000000A4  _P2_SB_D4                          dht
     000000A4  _PWRDWN                            dht
     000000A5  _P2_SB_D5                          dht
     000000A5  _WUCON                             dht
     000000A6  _INTEXP                            dht
     000000A6  _P2_SB_D6                          dht
     000000A7  _MEMCON                            dht
     000000A7  _P2_SB_D7                          dht
     000000A8  _IEN0                              dht
     000000A8  _IEN0_SB_IFP                       dht
     000000A9  _IEN0_SB_T0                        dht
     000000A9  _IP0                               dht
     000000AA  _IEN0_SB_POFIRQ                    dht
     000000AA  _S0RELL                            dht
     000000AB  _IEN0_SB_T1                        dht
     000000AB  _RTC2CPT01                         dht
     000000AC  _IEN0_SB_UART                      dht
     000000AC  _RTC2CPT10                         dht
     000000AD  _CLKLFCTRL                         dht
     000000AD  _IEN0_SB_T2                        dht
     000000AE  _OPMCON                            dht
     000000AF  _IEN0_SB_GLOBAL                    dht
     000000AF  _WDSV                              dht
     000000B0  _P3                                dht
     000000B0  _P3_SB_D0                          dht
     000000B1  _P3_SB_D1                          dht
     000000B1  _RSTREAS                           dht
     000000B2  _P3_SB_D2                          dht
     000000B2  _PWMCON                            dht
     000000B3  _P3_SB_D3                          dht
     000000B3  _RTC2CON                           dht
     000000B4  _P3_SB_D4                          dht
     000000B4  _RTC2CMP0                          dht
     000000B5  _P3_SB_D5                          dht
     000000B5  _RTC2CMP1                          dht
ASxxxx Linker V03.00 + NoICE + sdld,  page 6.
Hexadecimal  [32-Bits]

Area                                    Addr        Size        Decimal Bytes (Attributes)
--------------------------------        ----        ----        ------- ----- ------------
.  .ABS.                            00000000    00000000 =           0. bytes (ABS,CON)

      Value  Global                              Global Defined In Module
      -----  --------------------------------   ------------------------
     000000B6  _P3_SB_D6                          dht
     000000B6  _RTC2CPT00                         dht
     000000B7  _P3_SB_D7                          dht
     000000B7  _SPISRDSZ                          dht
     000000B8  _IEN1                              dht
     000000B8  _IEN1_SB_RFRDY                     dht
     000000B9  _IEN1_SB_RFIRQ                     dht
     000000B9  _IP1                               dht
     000000BA  _IEN1_SB_SPI_2WIRE                 dht
     000000BA  _S0RELH                            dht
     000000BB  _IEN1_SB_WUOPIRQ                   dht
     000000BC  _IEN1_SB_MISCIRQ                   dht
     000000BC  _SPISCON0                          dht
     000000BD  _IEN1_SB_TICK                      dht
     000000BD  _SPISCON1                          dht
     000000BE  _SPISSTAT                          dht
     000000BF  _IEN1_SB_T2EXTRLD                  dht
     000000BF  _SPISDAT                           dht
     000000C0  _IRCON                             dht
     000000C0  _IRCON_SB_RFRDY                    dht
     000000C1  _CCEN                              dht
     000000C1  _IRCON_SB_RFIRQ                    dht
     000000C2  _CCL1                              dht
     000000C2  _IRCON_SB_SPI_2WIRE                dht
     000000C3  _CCH1                              dht
     000000C3  _IRCON_SB_WUOPIRQ                  dht
     000000C4  _CCL2                              dht
     000000C4  _IRCON_SB_MISCIRQ                  dht
     000000C5  _CCH2                              dht
     000000C5  _IRCON_SB_TICK                     dht
     000000C6  _CCL3                              dht
     000000C6  _IRCON_SB_TF2                      dht
     000000C7  _CCH3                              dht
     000000C7  _IRCON_SB_EXF2                     dht
     000000C8  _T2CON                             dht
     000000C8  _T2CON_SB_T2I0                     dht
     000000C9  _MPAGE                             dht
     000000C9  _T2CON_SB_T2I1                     dht
     000000C9  __XPAGE                            dht
     000000CA  _CRCL                              dht
     000000CA  _T2CON_SB_T2CM                     dht
     000000CB  _CRCH                              dht
     000000CB  _T2CON_SB_T2R0                     dht
     000000CC  _T2CON_SB_T2R1                     dht
     000000CC  _TL2                               dht
     000000CD  _T2CON_SB_I2FR                     dht
     000000CD  _TH2                               dht
     000000CE  _T2CON_SB_I3FR                     dht
     000000CE  _WUOPC1                            dht
     000000CF  _T2CON_SB_T2PS                     dht
     000000CF  _WUOPC0                            dht
ASxxxx Linker V03.00 + NoICE + sdld,  page 7.
Hexadecimal  [32-Bits]

Area                                    Addr        Size        Decimal Bytes (Attributes)
--------------------------------        ----        ----        ------- ----- ------------
.  .ABS.                            00000000    00000000 =           0. bytes (ABS,CON)

      Value  Global                              Global Defined In Module
      -----  --------------------------------   ------------------------
     000000D0  _PSW                               dht
     000000D0  _PSW_SB_P                          dht
     000000D1  _ADCCON3                           dht
     000000D1  _PSW_SB_F1                         dht
     000000D2  _ADCCON2                           dht
     000000D2  _PSW_SB_OV                         dht
     000000D3  _ADCCON1                           dht
     000000D3  _PSW_SB_RS0                        dht
     000000D4  _ADCDATH                           dht
     000000D4  _PSW_SB_RS1                        dht
     000000D5  _ADCDATL                           dht
     000000D5  _PSW_SB_F0                         dht
     000000D6  _PSW_SB_AC                         dht
     000000D6  _RNGCTL                            dht
     000000D7  _PSW_SB_CY                         dht
     000000D7  _RNGDAT                            dht
     000000D8  _ADCON                             dht
     000000D9  _W2SADR                            dht
     000000DA  _W2DAT                             dht
     000000DB  _COMPCON                           dht
     000000DC  _POFCON                            dht
     000000DD  _CCPDATIA                          dht
     000000DE  _CCPDATIB                          dht
     000000DF  _ADCON_SB_BD                       dht
     000000DF  _CCPDATO                           dht
     000000E0  _ACC                               dht
     000000E1  _W2CON1                            dht
     000000E2  _W2CON0                            dht
     000000E4  _SPIRCON0                          dht
     000000E5  _SPIRCON1                          dht
     000000E6  _SPIRSTAT                          dht
     000000E7  _SPIRDAT                           dht
     000000E8  _RFCON                             dht
     000000E8  _RFCON_SB_RFCE                     dht
     000000E9  _MD0                               dht
     000000E9  _RFCON_SB_RFCSN                    dht
     000000EA  _MD1                               dht
     000000EA  _RFCON_SB_RFCKEN                   dht
     000000EB  _MD2                               dht
     000000EC  _MD3                               dht
     000000ED  _MD4                               dht
     000000EE  _MD5                               dht
     000000EF  _ARCON                             dht
     000000F0  _B                                 dht
     000000F5  _B_5                               _gptrget
     000000F6  _B_6                               _gptrget
     000000F7  _B_7                               _gptrget
     000000F8  _FSR                               dht
     000000F9  _FPCR                              dht
     000000FA  _FCR                               dht
     000000FA  _FSR_SB_RDISMB                     dht
ASxxxx Linker V03.00 + NoICE + sdld,  page 8.
Hexadecimal  [32-Bits]

Area                                    Addr        Size        Decimal Bytes (Attributes)
--------------------------------        ----        ----        ------- ----- ------------
.  .ABS.                            00000000    00000000 =           0. bytes (ABS,CON)

      Value  Global                              Global Defined In Module
      -----  --------------------------------   ------------------------
     000000FB  _FSR_SB_INFEN                      dht
     000000FC  _FSR_SB_RDYN                       dht
     000000FC  _SPIMCON0                          dht
     000000FD  _FSR_SB_WEN                        dht
     000000FD  _SPIMCON1                          dht
     000000FE  _FSR_SB_STP                        dht
     000000FE  _SPIMSTAT                          dht
     000000FF  _FSR_SB_ENDBG                      dht
     000000FF  _SPIMDAT                           dht
     00008C8A  _T0                                dht
     00008D8B  _T1                                dht
     0000BAAA  _S0REL                             dht
     0000C3C2  _CC1                               dht
     0000C5C4  _CC2                               dht
     0000C7C6  _CC3                               dht
     0000CBCA  _CRC                               dht
     0000CDCC  _T2                                dht
     0000D4D5  _ADCDAT                            dht

ASxxxx Linker V03.00 + NoICE + sdld,  page 9.
Hexadecimal  [32-Bits]

Area                                    Addr        Size        Decimal Bytes (Attributes)
--------------------------------        ----        ----        ------- ----- ------------
REG_BANK_0                          00000000    00000008 =           8. bytes (REL,OVR)

      Value  Global                              Global Defined In Module
      -----  --------------------------------   ------------------------
ASxxxx Linker V03.00 + NoICE + sdld,  page 10.
Hexadecimal  [32-Bits]

Area                                    Addr        Size        Decimal Bytes (Attributes)
--------------------------------        ----        ----        ------- ----- ------------
DSEG                                00000000    00000080 =         128. bytes (REL,CON)

      Value  Global                              Global Defined In Module
      -----  --------------------------------   ------------------------
ASxxxx Linker V03.00 + NoICE + sdld,  page 11.
Hexadecimal  [32-Bits]

Area                                    Addr        Size        Decimal Bytes (Attributes)
--------------------------------        ----        ----        ------- ----- ------------
OSEG                                0000000A    00000006 =           6. bytes (REL,OVR)

      Value  Global                              Global Defined In Module
      -----  --------------------------------   ------------------------
ASxxxx Linker V03.00 + NoICE + sdld,  page 12.
Hexadecimal  [32-Bits]

Area                                    Addr        Size        Decimal Bytes (Attributes)
--------------------------------        ----        ----        ------- ----- ------------
SSEG                                00000010    000000F0 =         240. bytes (REL,OVR)

      Value  Global                              Global Defined In Module
      -----  --------------------------------   ------------------------
     00000010  __start__stack                     main

ASxxxx Linker V03.00 + NoICE + sdld,  page 13.
Hexadecimal  [32-Bits]

Area                                    Addr        Size        Decimal Bytes (Attributes)
--------------------------------        ----        ----        ------- ----- ------------
XSEG                                00000000    000000BE =         190. bytes (REL,CON,XDATA)

      Value  Global                              Global Defined In Module
      -----  --------------------------------   ------------------------
D:   00000000  _control_byte                      main
D:   00000001  _address_byte                      main
D:   00000002  _data_byte                         main
D:   00000004  _wireWrite8_PARM_2                 main
D:   00000006  _wireRead8_PARM_2                  main
D:   00000009  _wireRead16_PARM_2                 main
D:   0000000F  _eepromWrite_PARM_2                main
D:   00000012  _aesGaloisMultiply_PARM_2          main
D:   00000014  _pipe0_reading_address             main
D:   00000019  _txRxDelay                         main
D:   0000001A  _radio_temp                        main
D:   0000001B  _read_PARM_2                       main
D:   00000020  _write_PARM_2                      main
D:   00000021  _write_PARM_3                      main
D:   00000026  _setRetries_PARM_2                 main
D:   00000034  _openReadingPipe_PARM_2            main
D:   00000035  _openReadingPipe_PARM_3            main
D:   00000036  _openReadingPipe_PARM_4            main
D:   00000037  _openReadingPipe_PARM_5            main
D:   00000038  _openReadingPipe_PARM_6            main
D:   00000040  _openWritingPipe_PARM_2            main
D:   00000041  _openWritingPipe_PARM_3            main
D:   00000042  _openWritingPipe_PARM_4            main
D:   00000043  _openWritingPipe_PARM_5            main
D:   00000052  _whatHappened_PARM_2               main
D:   00000055  _whatHappened_PARM_3               main
D:   00000062  _buffer                            main
D:   00000082  _current                           main
D:   00000087  _btleAdvertise_PARM_2              main
D:   0000008B  _advertise_PARM_2                  main
D:   0000008F  _crc_PARM_2                        main
D:   00000099  _DHTTemp                           main
D:   0000009B  _DHTHum                            main
D:   0000009E  _dht_read_PARM_2                   dht
D:   000000AA  _memcpy_PARM_2                     _memcpy
D:   000000AD  _memcpy_PARM_3                     _memcpy
D:   000000B2  __gptrput_PARM_2                   _gptrput
D:   000000B3  __mulint_PARM_2                    _mulint
D:   000000B5  __modsint_PARM_2                   _modsint
D:   000000B9  __moduint_PARM_2                   _moduint

ASxxxx Linker V03.00 + NoICE + sdld,  page 14.
Hexadecimal  [32-Bits]

Area                                    Addr        Size        Decimal Bytes (Attributes)
--------------------------------        ----        ----        ------- ----- ------------
XISEG                               000000BE    00000019 =          25. bytes (REL,CON,XDATA)

      Value  Global                              Global Defined In Module
      -----  --------------------------------   ------------------------
D:   000000BE  _ml                                main
D:   000000C2  _mcs                               main
D:   000000C3  _i                                 main
D:   000000C5  _addr_width                        main
D:   000000C6  _beacon                            main

ASxxxx Linker V03.00 + NoICE + sdld,  page 15.
Hexadecimal  [32-Bits]

Area                                    Addr        Size        Decimal Bytes (Attributes)
--------------------------------        ----        ----        ------- ----- ------------
HOME                                00000000    00000011 =          17. bytes (REL,CON,CODE)

      Value  Global                              Global Defined In Module
      -----  --------------------------------   ------------------------
C:   0000000E  __sdcc_program_startup             main

ASxxxx Linker V03.00 + NoICE + sdld,  page 16.
Hexadecimal  [32-Bits]

Area                                    Addr        Size        Decimal Bytes (Attributes)
--------------------------------        ----        ----        ------- ----- ------------
GSINIT0                             00000011    00000003 =           3. bytes (REL,CON,CODE)

      Value  Global                              Global Defined In Module
      -----  --------------------------------   ------------------------
C:   00000011  __sdcc_gsinit_startup              

ASxxxx Linker V03.00 + NoICE + sdld,  page 17.
Hexadecimal  [32-Bits]

Area                                    Addr        Size        Decimal Bytes (Attributes)
--------------------------------        ----        ----        ------- ----- ------------
GSINIT2                             00000014    0000000A =          10. bytes (REL,CON,CODE)

      Value  Global                              Global Defined In Module
      -----  --------------------------------   ------------------------
ASxxxx Linker V03.00 + NoICE + sdld,  page 18.
Hexadecimal  [32-Bits]

Area                                    Addr        Size        Decimal Bytes (Attributes)
--------------------------------        ----        ----        ------- ----- ------------
GSINIT3                             0000001E    00000022 =          34. bytes (REL,CON,CODE)

      Value  Global                              Global Defined In Module
      -----  --------------------------------   ------------------------
C:   0000001E  __mcs51_genXINIT                   

ASxxxx Linker V03.00 + NoICE + sdld,  page 19.
Hexadecimal  [32-Bits]

Area                                    Addr        Size        Decimal Bytes (Attributes)
--------------------------------        ----        ----        ------- ----- ------------
GSINIT4                             00000040    0000002A =          42. bytes (REL,CON,CODE)

      Value  Global                              Global Defined In Module
      -----  --------------------------------   ------------------------
C:   00000040  __mcs51_genRAMCLEAR                
C:   00000046  __mcs51_genXRAMCLEAR               

ASxxxx Linker V03.00 + NoICE + sdld,  page 20.
Hexadecimal  [32-Bits]

Area                                    Addr        Size        Decimal Bytes (Attributes)
--------------------------------        ----        ----        ------- ----- ------------
GSFINAL                             0000006A    00000003 =           3. bytes (REL,CON,CODE)

      Value  Global                              Global Defined In Module
      -----  --------------------------------   ------------------------
ASxxxx Linker V03.00 + NoICE + sdld,  page 21.
Hexadecimal  [32-Bits]

Area                                    Addr        Size        Decimal Bytes (Attributes)
--------------------------------        ----        ----        ------- ----- ------------
CSEG                                0000006D    00001641 =        5697. bytes (REL,CON,CODE)

      Value  Global                              Global Defined In Module
      -----  --------------------------------   ------------------------
C:   0000006D  _isrINTERRUPT_VECTOR_T0            main
C:   000000B4  _millisBegin                       main
C:   000000CA  _main                              main
C:   00000101  _serialBegin                       main
C:   00000128  _putchar                           main
C:   00000134  _getchar                           main
C:   00000137  _wireWrite8                        main
C:   00000176  _wireRead8                         main
C:   000001C6  _wireRead16                        main
C:   0000021E  _eepromRead                        main
C:   0000027E  _eepromWrite                       main
C:   000002DC  _aesGaloisMultiply                 main
C:   000002EF  _radioBegin                        main
C:   00000332  _read                              main
C:   00000389  _write                             main
C:   00000457  _setRetries                        main
C:   0000048D  _setChannel                        main
C:   000004AE  _setDataRate                       main
C:   00000512  _setAutoAck                        main
C:   00000545  _setCRCLength                      main
C:   000005A9  _setPALevel                        main
C:   000005FD  _setAddressWidth                   main
C:   00000640  _openReadingPipe                   main
C:   00000762  _openWritingPipe                   main
C:   000007F5  _available                         main
C:   0000086B  _startListening                    main
C:   0000091D  _closeReadingPipe                  main
C:   00000953  _stopListening                     main
C:   00000A09  _whatHappened                      main
C:   00000A80  _getDynamicPayloadSize             main
C:   00000AA7  _enableDynamicPayloads             main
C:   00000AF9  _testRPD                           main
C:   00000B06  _testCarrier                       main
C:   00000B13  _getPALevel                        main
C:   00000B66  _getDataRate                       main
C:   00000BAE  _getCRCLength                      main
C:   00000BF5  _swapbuf                           main
C:   00000CC1  _btleBegin                         main
C:   00000D46  _btlesetChannel                    main
C:   00000DA1  _btleHopChannel                    main
C:   00000DC1  _btleAdvertise                     main
C:   00000DED  _advertise                         main
C:   00000FD2  _crc                               main
C:   0000118D  _whiten                            main
C:   00001221  _setup                             main
C:   00001264  _loop                              main
C:   0000128C  _dht_init                          dht
C:   00001297  _dht_read                          dht
C:   000014C9  _memcpy                            _memcpy
C:   0000153D  __gptrput                          _gptrput
ASxxxx Linker V03.00 + NoICE + sdld,  page 22.
Hexadecimal  [32-Bits]

Area                                    Addr        Size        Decimal Bytes (Attributes)
--------------------------------        ----        ----        ------- ----- ------------
CSEG                                0000006D    00001641 =        5697. bytes (REL,CON,CODE)

      Value  Global                              Global Defined In Module
      -----  --------------------------------   ------------------------
C:   00001558  __mulint                           _mulint
C:   00001578  __modsint                          _modsint
C:   000015E1  __moduint                          _moduint
C:   0000168E  __gptrget                          _gptrget
C:   000016AA  __sdcc_external_startup            _startup

ASxxxx Linker V03.00 + NoICE + sdld,  page 23.
Hexadecimal  [32-Bits]

Area                                    Addr        Size        Decimal Bytes (Attributes)
--------------------------------        ----        ----        ------- ----- ------------
CONST                               000016AE    00000033 =          51. bytes (REL,CON,CODE)

      Value  Global                              Global Defined In Module
      -----  --------------------------------   ------------------------
C:   000016AE  _channel                           main
C:   000016B1  _frequency                         main
C:   000016B4  _month_lookup                      main
ASxxxx Linker V03.00 + NoICE + sdld,  page 24.
Hexadecimal  [32-Bits]

Area                                    Addr        Size        Decimal Bytes (Attributes)
--------------------------------        ----        ----        ------- ----- ------------
XINIT                               000016E1    00000019 =          25. bytes (REL,CON,CODE)

      Value  Global                              Global Defined In Module
      -----  --------------------------------   ------------------------
ASxxxx Linker V03.00 + NoICE + sdld,  page 25.

Files Linked                              [ module(s) ]

build/nrf24le1-sensor.rel                 [  ]
build/obj/dht.rel                         [  ]


Libraries Linked                          [ object file ]

/usr/bin/../share/sdcc/lib/large/mcs51.lib
                                          [ crtclear.rel ]
/usr/bin/../share/sdcc/lib/large/libsdcc.lib
                                          [ _memcpy.rel ]
/usr/bin/../share/sdcc/lib/large/mcs51.lib
                                          [ crtxinit.rel ]
/usr/bin/../share/sdcc/lib/large/libsdcc.lib
                                          [ _gptrput.rel ]
/usr/bin/../share/sdcc/lib/large/libint.lib
                                          [ _mulint.rel ]
/usr/bin/../share/sdcc/lib/large/libint.lib
                                          [ _modsint.rel ]
/usr/bin/../share/sdcc/lib/large/libint.lib
                                          [ _moduint.rel ]
/usr/bin/../share/sdcc/lib/large/mcs51.lib
                                          [ crtxclear.rel ]
/usr/bin/../share/sdcc/lib/large/mcs51.lib
                                          [ crtstart.rel ]
/usr/bin/../share/sdcc/lib/large/libsdcc.lib
                                          [ _gptrget.rel ]
/usr/bin/../share/sdcc/lib/large/libsdcc.lib
                                          [ _startup.rel ]

ASxxxx Linker V03.00 + NoICE + sdld,  page 26.

User Base Address Definitions

HOME = 0x0000
ISEG = 0x0000
BSEG = 0x0000


?ASlink-Warning-Undefined Global '_rf_write_tx_payload_noack' referenced by module 'main'

?ASlink-Warning-Undefined Global '_rf_read_rx_payload' referenced by module 'main'

?ASlink-Warning-Undefined Global '_rf_write_register' referenced by module 'main'

?ASlink-Warning-Undefined Global '_uart_configure_manual_baud_calc' referenced by module 'main'

?ASlink-Warning-Undefined Global '_rf_power_up' referenced by module 'main'

?ASlink-Warning-Undefined Global '_rf_spi_configure_enable' referenced by module 'main'

?ASlink-Warning-Undefined Global '_w2_configure_PARM_2' referenced by module 'main'

?ASlink-Warning-Undefined Global '_uart_wait_for_rx_and_get' referenced by module 'main'

?ASlink-Warning-Undefined Global '_gpio_pin_val_read' referenced by module 'dht'

?ASlink-Warning-Undefined Global '_timer0_configure' referenced by module 'main'

?ASlink-Warning-Undefined Global '_rf_spi_execute_command_PARM_2' referenced by module 'main'

?ASlink-Warning-Undefined Global '_w2_master_random_address_read' referenced by module 'main'

?ASlink-Warning-Undefined Global '_rf_spi_execute_command_PARM_3' referenced by module 'main'

?ASlink-Warning-Undefined Global '_pwm_configure' referenced by module 'main'

?ASlink-Warning-Undefined Global '_rf_spi_execute_command_PARM_4' referenced by module 'main'

?ASlink-Warning-Undefined Global '_rf_write_tx_payload' referenced by module 'main'

?ASlink-Warning-Undefined Global '_watchdog_start_and_set_timeout_in_ms' referenced by module 'main'

?ASlink-Warning-Undefined Global '_gpio_pin_configure' referenced by module 'main'

?ASlink-Warning-Undefined Global '_gpio_pin_configure' referenced by module 'dht'

?ASlink-Warning-Undefined Global '_uart_send_wait_for_complete' referenced by module 'main'

?ASlink-Warning-Undefined Global '_rf_read_register_PARM_2' referenced by module 'main'

?ASlink-Warning-Undefined Global '_rf_read_register_PARM_3' referenced by module 'main'

?ASlink-Warning-Undefined Global '_rf_read_register_1_byte' referenced by module 'main'

?ASlink-Warning-Undefined Global '_w2_master_write_to_PARM_2' referenced by module 'main'

?ASlink-Warning-Undefined Global '_w2_master_write_to_PARM_3' referenced by module 'main'

?ASlink-Warning-Undefined Global '_rf_write_tx_payload_noack_PARM_2' referenced by module 'main'

?ASlink-Warning-Undefined Global '_w2_master_write_to_PARM_4' referenced by module 'main'

?ASlink-Warning-Undefined Global '_rf_write_tx_payload_noack_PARM_3' referenced by module 'main'

?ASlink-Warning-Undefined Global '_w2_master_write_to_PARM_5' referenced by module 'main'

?ASlink-Warning-Undefined Global '_rf_read_rx_payload_PARM_2' referenced by module 'main'

?ASlink-Warning-Undefined Global '_rf_write_register_PARM_2' referenced by module 'main'

?ASlink-Warning-Undefined Global '_uart_configure_manual_baud_calc_PARM_2' referenced by module 'main'

?ASlink-Warning-Undefined Global '_rf_write_register_PARM_3' referenced by module 'main'

?ASlink-Warning-Undefined Global '_adc_configure' referenced by module 'main'

?ASlink-Warning-Undefined Global '_w2_configure' referenced by module 'main'

?ASlink-Warning-Undefined Global '_delay_ms' referenced by module 'main'

?ASlink-Warning-Undefined Global '_delay_ms' referenced by module 'dht'

?ASlink-Warning-Undefined Global '_timer0_configure_PARM_2' referenced by module 'main'

?ASlink-Warning-Undefined Global '_rf_spi_execute_command' referenced by module 'main'

?ASlink-Warning-Undefined Global '_w2_master_random_address_read_PARM_2' referenced by module 'main'

?ASlink-Warning-Undefined Global '_w2_master_random_address_read_PARM_3' referenced by module 'main'

?ASlink-Warning-Undefined Global '_delay_us' referenced by module 'main'

?ASlink-Warning-Undefined Global '_delay_us' referenced by module 'dht'

?ASlink-Warning-Undefined Global '_gpio_pin_configure_PARM_2' referenced by module 'main'

?ASlink-Warning-Undefined Global '_gpio_pin_configure_PARM_2' referenced by module 'dht'

?ASlink-Warning-Undefined Global '_w2_master_random_address_read_PARM_4' referenced by module 'main'

?ASlink-Warning-Undefined Global '_rf_write_tx_payload_PARM_2' referenced by module 'main'

?ASlink-Warning-Undefined Global '_rf_read_register' referenced by module 'main'

?ASlink-Warning-Undefined Global '_w2_master_random_address_read_PARM_5' referenced by module 'main'

?ASlink-Warning-Undefined Global '_rf_write_tx_payload_PARM_3' referenced by module 'main'

?ASlink-Warning-Undefined Global '_w2_master_write_to' referenced by module 'main'
